// Jest Snapshot v1, https://goo.gl/fbAQLP

exports[`Rendered MainBar match the snapshot 1`] = `
Object {
  "asFragment": [Function],
  "baseElement": <body>
    <div>
      <div
        class="sc-bczRLJ gYKYKU"
      >
        <div
          class="sc-gsnTZi fOaQIp"
        >
          <div
            class="sc-eCYdqJ huTjpC"
          >
            <div
              class="sc-gKXOVf uFCtg"
            >
              <svg>
                user.svg
              </svg>
            </div>
            <div
              class="sc-jSMfEi dehjIL"
            >
              Profile
            </div>
          </div>
        </div>
        <div
          class="sc-dkzDqf zkpvH"
        >
          Główna
          <div
            class="sc-hKMtZM bKkhMB"
          >
            <svg>
              star.svg
            </svg>
          </div>
        </div>
      </div>
    </div>
  </body>,
  "container": <div>
    <div
      class="sc-bczRLJ gYKYKU"
    >
      <div
        class="sc-gsnTZi fOaQIp"
      >
        <div
          class="sc-eCYdqJ huTjpC"
        >
          <div
            class="sc-gKXOVf uFCtg"
          >
            <svg>
              user.svg
            </svg>
          </div>
          <div
            class="sc-jSMfEi dehjIL"
          >
            Profile
          </div>
        </div>
      </div>
      <div
        class="sc-dkzDqf zkpvH"
      >
        Główna
        <div
          class="sc-hKMtZM bKkhMB"
        >
          <svg>
            star.svg
          </svg>
        </div>
      </div>
    </div>
  </div>,
  "debug": [Function],
  "findAllByAltText": [Function],
  "findAllByDisplayValue": [Function],
  "findAllByLabelText": [Function],
  "findAllByPlaceholderText": [Function],
  "findAllByRole": [Function],
  "findAllByTestId": [Function],
  "findAllByText": [Function],
  "findAllByTitle": [Function],
  "findByAltText": [Function],
  "findByDisplayValue": [Function],
  "findByLabelText": [Function],
  "findByPlaceholderText": [Function],
  "findByRole": [Function],
  "findByTestId": [Function],
  "findByText": [Function],
  "findByTitle": [Function],
  "getAllByAltText": [Function],
  "getAllByDisplayValue": [Function],
  "getAllByLabelText": [Function],
  "getAllByPlaceholderText": [Function],
  "getAllByRole": [Function],
  "getAllByTestId": [Function],
  "getAllByText": [Function],
  "getAllByTitle": [Function],
  "getByAltText": [Function],
  "getByDisplayValue": [Function],
  "getByLabelText": [Function],
  "getByPlaceholderText": [Function],
  "getByRole": [Function],
  "getByTestId": [Function],
  "getByText": [Function],
  "getByTitle": [Function],
  "queryAllByAltText": [Function],
  "queryAllByDisplayValue": [Function],
  "queryAllByLabelText": [Function],
  "queryAllByPlaceholderText": [Function],
  "queryAllByRole": [Function],
  "queryAllByTestId": [Function],
  "queryAllByText": [Function],
  "queryAllByTitle": [Function],
  "queryByAltText": [Function],
  "queryByDisplayValue": [Function],
  "queryByLabelText": [Function],
  "queryByPlaceholderText": [Function],
  "queryByRole": [Function],
  "queryByTestId": [Function],
  "queryByText": [Function],
  "queryByTitle": [Function],
  "rerender": [Function],
  "unmount": [Function],
}
`;
